build	Set up job	﻿2026-09-29T13:37:49.2296144Z Current runner version: '2.337.0'
build	Set up job	2026-09-29T13:37:49.2313374Z ##[group]Runner Image Provisioner
build	Set up job	2026-09-29T13:37:49.2314043Z Hosted Compute Agent
build	Set up job	2026-09-29T13:37:49.2314399Z Version: 20260828.587
build	Set up job	2026-09-29T13:37:49.2314814Z Commit: abac92662cab4cc7352de4f9f9d2e2419aad9c29
build	Set up job	2026-09-29T13:37:49.2315257Z Build Date: 2026-08-28T16:44:25Z
build	Set up job	2026-09-29T13:37:49.2315665Z Worker ID: {0aeb56a9-caa2-44c8-8850-16a42e7ea26d}
build	Set up job	2026-09-29T13:37:49.2316083Z Azure Region: centralus
build	Set up job	2026-09-29T13:37:49.2316419Z ##[endgroup]
build	Set up job	2026-09-29T13:37:49.2317241Z ##[group]Operating System
build	Set up job	2026-09-29T13:37:49.2317614Z Ubuntu
build	Set up job	2026-09-29T13:37:49.2317907Z 24.04.5
build	Set up job	2026-09-29T13:37:49.2318261Z LTS
build	Set up job	2026-09-29T13:37:49.2318560Z ##[endgroup]
build	Set up job	2026-09-29T13:37:49.2318937Z ##[group]Runner Image
build	Set up job	2026-09-29T13:37:49.2319309Z Image: ubuntu-24.04
build	Set up job	2026-09-29T13:37:49.2319628Z Version: 20260920.314.1
build	Set up job	2026-09-29T13:37:49.2320277Z Included Software: https://github.com/actions/runner-images/blob/ubuntu24/20260920.314/images/ubuntu/Ubuntu2404-Readme.md
build	Set up job	2026-09-29T13:37:49.2321278Z Image Release: https://github.com/actions/runner-images/releases/tag/ubuntu24%2F20260920.314
build	Set up job	2026-09-29T13:37:49.2321841Z ##[endgroup]
build	Set up job	2026-09-29T13:37:49.2322478Z ##[group]GITHUB_TOKEN Permissions
build	Set up job	2026-09-29T13:37:49.2323681Z Contents: read
build	Set up job	2026-09-29T13:37:49.2324110Z Metadata: read
build	Set up job	2026-09-29T13:37:49.2324522Z ##[endgroup]
build	Set up job	2026-09-29T13:37:49.2325762Z Secret source: Actions
build	Set up job	2026-09-29T13:37:49.2326344Z Cache mode: write
build	Set up job	2026-09-29T13:37:49.2326741Z Prepare workflow directory
build	Set up job	2026-09-29T13:37:49.2558128Z Prepare all required actions
build	Set up job	2026-09-29T13:37:49.2587556Z Getting action download info
build	Set up job	2026-09-29T13:37:49.5338076Z Download action repository 'actions/checkout@v4' (SHA:11d5960a326750d5838078e36cf38b85af677262)
build	Set up job	2026-09-29T13:37:49.6023096Z Download action repository 'actions/upload-artifact@v4' (SHA:ea165f8d65b6e75b540449e92b4886f43607fa02)
build	Set up job	2026-09-29T13:37:49.7802934Z Complete job name: build
build	Run actions/checkout@v4	﻿2026-09-29T13:37:49.8259627Z ##[group]Run actions/checkout@v4
build	Run actions/checkout@v4	2026-09-29T13:37:49.8260062Z with:
build	Run actions/checkout@v4	2026-09-29T13:37:49.8260308Z   repository: venkatvellapalem/DevSecOps
build	Run actions/checkout@v4	2026-09-29T13:37:49.8262376Z   token: ***
build	Run actions/checkout@v4	2026-09-29T13:37:49.8262606Z   ssh-strict: true
build	Run actions/checkout@v4	2026-09-29T13:37:49.8262840Z   ssh-user: git
build	Run actions/checkout@v4	2026-09-29T13:37:49.8263077Z   persist-credentials: true
build	Run actions/checkout@v4	2026-09-29T13:37:49.8263339Z   clean: true
build	Run actions/checkout@v4	2026-09-29T13:37:49.8263580Z   sparse-checkout-cone-mode: true
build	Run actions/checkout@v4	2026-09-29T13:37:49.8264033Z   fetch-depth: 1
build	Run actions/checkout@v4	2026-09-29T13:37:49.8264264Z   fetch-tags: false
build	Run actions/checkout@v4	2026-09-29T13:37:49.8264499Z   show-progress: true
build	Run actions/checkout@v4	2026-09-29T13:37:49.8264733Z   lfs: false
build	Run actions/checkout@v4	2026-09-29T13:37:49.8264951Z   submodules: false
build	Run actions/checkout@v4	2026-09-29T13:37:49.8265190Z   set-safe-directory: true
build	Run actions/checkout@v4	2026-09-29T13:37:49.8265458Z   allow-unsafe-pr-checkout: false
build	Run actions/checkout@v4	2026-09-29T13:37:49.8265794Z env:
build	Run actions/checkout@v4	2026-09-29T13:37:49.8266015Z   IMAGE_NAME: bcssl-demo-app
build	Run actions/checkout@v4	2026-09-29T13:37:49.8266270Z ##[endgroup]
build	Run actions/checkout@v4	2026-09-29T13:37:49.8924349Z Syncing repository: venkatvellapalem/DevSecOps
build	Run actions/checkout@v4	2026-09-29T13:37:49.8926489Z ##[group]Getting Git version info
build	Run actions/checkout@v4	2026-09-29T13:37:49.8927149Z Working directory is '/home/runner/work/DevSecOps/DevSecOps'
build	Run actions/checkout@v4	2026-09-29T13:37:49.8927986Z [command]/usr/bin/git version
build	Run actions/checkout@v4	2026-09-29T13:37:49.9003025Z git version 2.55.0
build	Run actions/checkout@v4	2026-09-29T13:37:49.9015534Z ##[endgroup]
build	Run actions/checkout@v4	2026-09-29T13:37:49.9035393Z Temporarily overriding HOME='/home/runner/work/_temp/1f60cf10-cff9-418d-bf2a-412dcbf47628' before making global git config changes
build	Run actions/checkout@v4	2026-09-29T13:37:49.9036898Z Adding repository directory to the temporary git global config as a safe directory
build	Run actions/checkout@v4	2026-09-29T13:37:49.9037983Z [command]/usr/bin/git config --global --add safe.directory /home/runner/work/DevSecOps/DevSecOps
build	Run actions/checkout@v4	2026-09-29T13:37:49.9069741Z Deleting the contents of '/home/runner/work/DevSecOps/DevSecOps'
build	Run actions/checkout@v4	2026-09-29T13:37:49.9072773Z ##[group]Initializing the repository
build	Run actions/checkout@v4	2026-09-29T13:37:49.9075273Z [command]/usr/bin/git init /home/runner/work/DevSecOps/DevSecOps
build	Run actions/checkout@v4	2026-09-29T13:37:49.9203631Z hint: Using 'master' as the name for the initial branch. This default branch name
build	Run actions/checkout@v4	2026-09-29T13:37:49.9204886Z hint: will change to "main" in Git 3.0. To configure the initial branch name
build	Run actions/checkout@v4	2026-09-29T13:37:49.9205979Z hint: to use in all of your new repositories, which will suppress this warning,
build	Run actions/checkout@v4	2026-09-29T13:37:49.9206616Z hint: call:
build	Run actions/checkout@v4	2026-09-29T13:37:49.9206947Z hint:
build	Run actions/checkout@v4	2026-09-29T13:37:49.9207371Z hint: 	git config --global init.defaultBranch <name>
build	Run actions/checkout@v4	2026-09-29T13:37:49.9207901Z hint:
build	Run actions/checkout@v4	2026-09-29T13:37:49.9208403Z hint: Names commonly chosen instead of 'master' are 'main', 'trunk' and
build	Run actions/checkout@v4	2026-09-29T13:37:49.9209249Z hint: 'development'. The just-created branch can be renamed via this command:
build	Run actions/checkout@v4	2026-09-29T13:37:49.9209891Z hint:
build	Run actions/checkout@v4	2026-09-29T13:37:49.9210240Z hint: 	git branch -m <name>
build	Run actions/checkout@v4	2026-09-29T13:37:49.9210639Z hint:
build	Run actions/checkout@v4	2026-09-29T13:37:49.9211172Z hint: Disable this message with "git config set advice.defaultBranchName false"
build	Run actions/checkout@v4	2026-09-29T13:37:49.9212209Z Initialized empty Git repository in /home/runner/work/DevSecOps/DevSecOps/.git/
build	Run actions/checkout@v4	2026-09-29T13:37:49.9215605Z [command]/usr/bin/git remote add origin https://github.com/venkatvellapalem/DevSecOps
build	Run actions/checkout@v4	2026-09-29T13:37:49.9259875Z ##[endgroup]
build	Run actions/checkout@v4	2026-09-29T13:37:49.9260550Z ##[group]Disabling automatic garbage collection
build	Run actions/checkout@v4	2026-09-29T13:37:49.9265166Z [command]/usr/bin/git config --local gc.auto 0
build	Run actions/checkout@v4	2026-09-29T13:37:49.9299509Z ##[endgroup]
build	Run actions/checkout@v4	2026-09-29T13:37:49.9300256Z ##[group]Setting up auth
build	Run actions/checkout@v4	2026-09-29T13:37:49.9304580Z [command]/usr/bin/git config --local --name-only --get-regexp core\.sshCommand
build	Run actions/checkout@v4	2026-09-29T13:37:49.9333711Z [command]/usr/bin/git submodule foreach --recursive sh -c "git config --local --name-only --get-regexp 'core\.sshCommand' && git config --local --unset-all 'core.sshCommand' || :"
build	Run actions/checkout@v4	2026-09-29T13:37:49.9632846Z [command]/usr/bin/git config --local --name-only --get-regexp http\.https\:\/\/github\.com\/\.extraheader
build	Run actions/checkout@v4	2026-09-29T13:37:49.9663938Z [command]/usr/bin/git submodule foreach --recursive sh -c "git config --local --name-only --get-regexp 'http\.https\:\/\/github\.com\/\.extraheader' && git config --local --unset-all 'http.https://github.com/.extraheader' || :"
build	Run actions/checkout@v4	2026-09-29T13:37:49.9839411Z [command]/usr/bin/git config --local --name-only --get-regexp ^includeIf\.gitdir:
build	Run actions/checkout@v4	2026-09-29T13:37:49.9867872Z [command]/usr/bin/git submodule foreach --recursive git config --local --show-origin --name-only --get-regexp remote.origin.url
build	Run actions/checkout@v4	2026-09-29T13:37:50.0035107Z [command]/usr/bin/git config --local http.https://github.com/.extraheader AUTHORIZATION: basic ***
build	Run actions/checkout@v4	2026-09-29T13:37:50.0066910Z ##[endgroup]
build	Run actions/checkout@v4	2026-09-29T13:37:50.0067357Z ##[group]Fetching the repository
build	Run actions/checkout@v4	2026-09-29T13:37:50.0072817Z [command]/usr/bin/git -c protocol.version=2 fetch --no-tags --prune --no-recurse-submodules --depth=1 origin +a54355b486c6a2101aad124476c2ef69e1c45451:refs/remotes/pull/1/merge
build	Run actions/checkout@v4	2026-09-29T13:37:50.4838584Z From https://github.com/venkatvellapalem/DevSecOps
build	Run actions/checkout@v4	2026-09-29T13:37:50.4839476Z  * [new ref]         a54355b486c6a2101aad124476c2ef69e1c45451 -> pull/1/merge
build	Run actions/checkout@v4	2026-09-29T13:37:50.4842998Z ##[endgroup]
build	Run actions/checkout@v4	2026-09-29T13:37:50.4843706Z ##[group]Determining the checkout info
build	Run actions/checkout@v4	2026-09-29T13:37:50.4845650Z ##[endgroup]
build	Run actions/checkout@v4	2026-09-29T13:37:50.4850151Z [command]/usr/bin/git sparse-checkout disable
build	Run actions/checkout@v4	2026-09-29T13:37:50.4942010Z [command]/usr/bin/git config --local --unset-all extensions.worktreeConfig
build	Run actions/checkout@v4	2026-09-29T13:37:50.4994234Z ##[group]Checking out the ref
build	Run actions/checkout@v4	2026-09-29T13:37:50.4996462Z [command]/usr/bin/git checkout --progress --force refs/remotes/pull/1/merge
build	Run actions/checkout@v4	2026-09-29T13:37:50.5066240Z Note: switching to 'refs/remotes/pull/1/merge'.
build	Run actions/checkout@v4	2026-09-29T13:37:50.5066750Z 
build	Run actions/checkout@v4	2026-09-29T13:37:50.5067152Z You are in 'detached HEAD' state. You can look around, make experimental
build	Run actions/checkout@v4	2026-09-29T13:37:50.5067954Z changes and commit them, and you can discard any commits you make in this
build	Run actions/checkout@v4	2026-09-29T13:37:50.5068579Z state without impacting any branches by switching back to a branch.
build	Run actions/checkout@v4	2026-09-29T13:37:50.5068872Z 
build	Run actions/checkout@v4	2026-09-29T13:37:50.5069091Z If you want to create a new branch to retain commits you create, you may
build	Run actions/checkout@v4	2026-09-29T13:37:50.5069567Z do so (now or later) by using -c with the switch command. Example:
build	Run actions/checkout@v4	2026-09-29T13:37:50.5069862Z 
build	Run actions/checkout@v4	2026-09-29T13:37:50.5070166Z   git switch -c <new-branch-name>
build	Run actions/checkout@v4	2026-09-29T13:37:50.5070352Z 
build	Run actions/checkout@v4	2026-09-29T13:37:50.5070474Z Or undo this operation with:
build	Run actions/checkout@v4	2026-09-29T13:37:50.5070650Z 
build	Run actions/checkout@v4	2026-09-29T13:37:50.5070759Z   git switch -
build	Run actions/checkout@v4	2026-09-29T13:37:50.5070924Z 
build	Run actions/checkout@v4	2026-09-29T13:37:50.5071148Z Turn off this advice by setting config variable advice.detachedHead to false
build	Run actions/checkout@v4	2026-09-29T13:37:50.5071471Z 
build	Run actions/checkout@v4	2026-09-29T13:37:50.5071842Z HEAD is now at a54355b Merge ee1b7f7783d3ecdb1958fe2099589c4146bff795 into ca7593e1a917093fb4a69450fd0c89ba4848efa1
build	Run actions/checkout@v4	2026-09-29T13:37:50.5075798Z ##[endgroup]
build	Run actions/checkout@v4	2026-09-29T13:37:50.5108861Z [command]/usr/bin/git log -1 --format=%H
build	Run actions/checkout@v4	2026-09-29T13:37:50.5130994Z a54355b486c6a2101aad124476c2ef69e1c45451
build	Build image	﻿2026-09-29T13:37:50.5304542Z ##[group]Run docker build --tag "${IMAGE_NAME}:a54355b486c6a2101aad124476c2ef69e1c45451" ./app
build	Build image	2026-09-29T13:37:50.5305245Z ^[[36;1mdocker build --tag "${IMAGE_NAME}:a54355b486c6a2101aad124476c2ef69e1c45451" ./app^[[0m
build	Build image	2026-09-29T13:37:50.5529637Z shell: /usr/bin/bash -e {0}
build	Build image	2026-09-29T13:37:50.5529990Z env:
build	Build image	2026-09-29T13:37:50.5530245Z   IMAGE_NAME: bcssl-demo-app
build	Build image	2026-09-29T13:37:50.5530539Z ##[endgroup]
build	Build image	2026-09-29T13:37:53.2001008Z #0 building with "default" instance using docker driver
build	Build image	2026-09-29T13:37:53.2001381Z 
build	Build image	2026-09-29T13:37:53.2001495Z #1 [internal] load build definition from Dockerfile
build	Build image	2026-09-29T13:37:53.2001716Z #1 transferring dockerfile: 2.43kB 0.1s done
build	Build image	2026-09-29T13:37:53.2002007Z #1 DONE 0.1s
build	Build image	2026-09-29T13:37:53.2002107Z 
build	Build image	2026-09-29T13:37:53.2002227Z #2 [auth] docker/dockerfile:pull token for registry-1.docker.io
build	Build image	2026-09-29T13:37:53.3508272Z #2 DONE 0.0s
build	Build image	2026-09-29T13:37:53.3508539Z 
build	Build image	2026-09-29T13:37:53.3508784Z #3 resolve image config for docker-image://docker.io/docker/dockerfile:1
build	Build image	2026-09-29T13:37:53.7040519Z #3 DONE 0.6s
build	Build image	2026-09-29T13:37:53.8096314Z 
build	Build image	2026-09-29T13:37:53.8097483Z #4 docker-image://docker.io/docker/dockerfile:1@sha256:ecfaec9ed6d810b56388c508f4121597bfbba70d41a6dfeee4d8cad5f295fc32
build	Build image	2026-09-29T13:37:53.8098454Z #4 resolve docker.io/docker/dockerfile:1@sha256:ecfaec9ed6d810b56388c508f4121597bfbba70d41a6dfeee4d8cad5f295fc32 done
build	Build image	2026-09-29T13:37:53.8099264Z #4 sha256:34b128e419449565adc5ed7f487a6f503a73f1077012cfed86354c731338c44f 1.13kB / 1.13kB done
build	Build image	2026-09-29T13:37:53.8099915Z #4 sha256:c844dc65644b70ea8b391444db20ff38537384d800ea9896d46ab8f3ce897f51 1.33kB / 1.33kB done
build	Build image	2026-09-29T13:37:53.8100574Z #4 sha256:9f624ef51ad55db0ea52d755cc777566386156106fbb4f465eecb22c67ac55ed 1.05MB / 14.14MB 0.1s
build	Build image	2026-09-29T13:37:53.8101246Z #4 sha256:ecfaec9ed6d810b56388c508f4121597bfbba70d41a6dfeee4d8cad5f295fc32 9.08kB / 9.08kB done
build	Build image	2026-09-29T13:37:53.9428075Z #4 sha256:9f624ef51ad55db0ea52d755cc777566386156106fbb4f465eecb22c67ac55ed 14.14MB / 14.14MB 0.2s
build	Build image	2026-09-29T13:37:53.9428687Z #4 extracting sha256:9f624ef51ad55db0ea52d755cc777566386156106fbb4f465eecb22c67ac55ed
build	Build image	2026-09-29T13:37:54.0768826Z #4 sha256:9f624ef51ad55db0ea52d755cc777566386156106fbb4f465eecb22c67ac55ed 14.14MB / 14.14MB 0.2s done
build	Build image	2026-09-29T13:37:54.0784722Z #4 extracting sha256:9f624ef51ad55db0ea52d755cc777566386156106fbb4f465eecb22c67ac55ed 0.1s done
build	Build image	2026-09-29T13:37:54.0785328Z #4 DONE 0.3s
build	Build image	2026-09-29T13:37:54.0785505Z 
build	Build image	2026-09-29T13:37:54.0785830Z #5 [internal] load metadata for docker.io/library/python:3.11-slim
build	Build image	2026-09-29T13:37:54.3111969Z #5 ...
build	Build image	2026-09-29T13:37:54.3112178Z 
build	Build image	2026-09-29T13:37:54.3112355Z #6 [auth] library/python:pull token for registry-1.docker.io
build	Build image	2026-09-29T13:37:54.3112670Z #6 DONE 0.0s
build	Build image	2026-09-29T13:37:54.4604100Z 
build	Build image	2026-09-29T13:37:54.4604413Z #5 [internal] load metadata for docker.io/library/python:3.11-slim
build	Build image	2026-09-29T13:37:54.5565324Z #5 DONE 0.5s
build	Build image	2026-09-29T13:37:54.7120878Z 
build	Build image	2026-09-29T13:37:54.7121386Z #7 [internal] load .dockerignore
build	Build image	2026-09-29T13:37:54.7121693Z #7 transferring context: 2B done
build	Build image	2026-09-29T13:37:54.7122023Z #7 DONE 0.0s
build	Build image	2026-09-29T13:37:54.8496901Z 
build	Build image	2026-09-29T13:37:54.8497462Z #8 [internal] load build context
build	Build image	2026-09-29T13:37:54.8497765Z #8 transferring context: 1.90kB done
build	Build image	2026-09-29T13:37:54.8498005Z #8 DONE 0.0s
build	Build image	2026-09-29T13:37:54.8498112Z 
build	Build image	2026-09-29T13:37:54.8499016Z #9 [build 1/4] FROM docker.io/library/python:3.11-slim@sha256:e41613d42d4891e4930f79523f93f81bbc7632584ec65e36ab055f41a800b41e
build	Build image	2026-09-29T13:37:54.8500237Z #9 resolve docker.io/library/python:3.11-slim@sha256:e41613d42d4891e4930f79523f93f81bbc7632584ec65e36ab055f41a800b41e done
build	Build image	2026-09-29T13:37:54.8500847Z #9 sha256:6b37362b3da78869050b894b799ad4df04f1f3b52774087db0d81151570244c8 1.05MB / 29.83MB 0.1s
build	Build image	2026-09-29T13:37:54.8501383Z #9 sha256:41e7217c2e506d048f89ca0c5cfef848c05ef990900627c19f99938c4aae57f8 0B / 1.29MB 0.1s
build	Build image	2026-09-29T13:37:54.8501919Z #9 sha256:58abdd9670ca8c69d03432ce188995dee67f0979357caf83866fe1ef2ec37138 0B / 14.45MB 0.1s
build	Build image	2026-09-29T13:37:54.8502457Z #9 sha256:e41613d42d4891e4930f79523f93f81bbc7632584ec65e36ab055f41a800b41e 10.37kB / 10.37kB done
build	Build image	2026-09-29T13:37:54.8503220Z #9 sha256:174bec68e0451bffabbb08c7d5d21c6b253f772d81d52b9558af97bb3159b761 1.75kB / 1.75kB done
build	Build image	2026-09-29T13:37:54.8503555Z #9 sha256:274d131132dbdc6058ed77088525d77adaf0749a6d99f2cf7d42feb9a10737c8 5.49kB / 5.49kB done
build	Build image	2026-09-29T13:37:55.0494182Z #9 sha256:6b37362b3da78869050b894b799ad4df04f1f3b52774087db0d81151570244c8 29.83MB / 29.83MB 0.3s
build	Build image	2026-09-29T13:37:55.0494674Z #9 sha256:41e7217c2e506d048f89ca0c5cfef848c05ef990900627c19f99938c4aae57f8 1.29MB / 1.29MB 0.2s done
build	Build image	2026-09-29T13:37:55.0495034Z #9 sha256:58abdd9670ca8c69d03432ce188995dee67f0979357caf83866fe1ef2ec37138 14.45MB / 14.45MB 0.3s
build	Build image	2026-09-29T13:37:55.0495392Z #9 sha256:0526d5e29bf341cb1941d46a6d4ab64fcde4fca3dc3adccfb4dbf5728b88b61e 249B / 249B 0.3s
build	Build image	2026-09-29T13:37:55.1600210Z #9 sha256:6b37362b3da78869050b894b799ad4df04f1f3b52774087db0d81151570244c8 29.83MB / 29.83MB 0.4s done
build	Build image	2026-09-29T13:37:55.1600869Z #9 sha256:58abdd9670ca8c69d03432ce188995dee67f0979357caf83866fe1ef2ec37138 14.45MB / 14.45MB 0.4s done
build	Build image	2026-09-29T13:37:55.1601462Z #9 sha256:0526d5e29bf341cb1941d46a6d4ab64fcde4fca3dc3adccfb4dbf5728b88b61e 249B / 249B 0.4s done
build	Build image	2026-09-29T13:37:55.1601966Z #9 extracting sha256:6b37362b3da78869050b894b799ad4df04f1f3b52774087db0d81151570244c8
build	Build image	2026-09-29T13:37:55.7874023Z #9 extracting sha256:6b37362b3da78869050b894b799ad4df04f1f3b52774087db0d81151570244c8 0.5s done
build	Build image	2026-09-29T13:37:55.7874596Z #9 extracting sha256:41e7217c2e506d048f89ca0c5cfef848c05ef990900627c19f99938c4aae57f8 0.1s done
build	Build image	2026-09-29T13:37:56.3081517Z #9 extracting sha256:58abdd9670ca8c69d03432ce188995dee67f0979357caf83866fe1ef2ec37138
build	Build image	2026-09-29T13:37:56.8855471Z #9 extracting sha256:58abdd9670ca8c69d03432ce188995dee67f0979357caf83866fe1ef2ec37138 0.4s done
build	Build image	2026-09-29T13:37:57.0336542Z #9 extracting sha256:0526d5e29bf341cb1941d46a6d4ab64fcde4fca3dc3adccfb4dbf5728b88b61e
build	Build image	2026-09-29T13:37:57.2269476Z #9 extracting sha256:0526d5e29bf341cb1941d46a6d4ab64fcde4fca3dc3adccfb4dbf5728b88b61e done
build	Build image	2026-09-29T13:37:57.2269959Z #9 DONE 2.3s
build	Build image	2026-09-29T13:37:57.2270055Z 
build	Build image	2026-09-29T13:37:57.2270146Z #10 [runtime 2/7] WORKDIR /app
build	Build image	2026-09-29T13:37:57.2270347Z #10 DONE 0.0s
build	Build image	2026-09-29T13:37:57.2270440Z 
build	Build image	2026-09-29T13:37:57.2270543Z #11 [build 2/4] WORKDIR /build
build	Build image	2026-09-29T13:37:57.2270735Z #11 DONE 0.0s
build	Build image	2026-09-29T13:37:57.2270851Z 
build	Build image	2026-09-29T13:37:57.2270938Z #12 [build 3/4] COPY requirements.txt .
build	Build image	2026-09-29T13:37:57.2271157Z #12 DONE 0.0s
build	Build image	2026-09-29T13:37:57.2271252Z 
build	Build image	2026-09-29T13:37:57.2271459Z #13 [build 4/4] RUN pip wheel --no-cache-dir --wheel-dir /wheels -r requirements.txt
build	Build image	2026-09-29T13:37:58.1124769Z #13 1.036 Collecting blinker==1.9.0 (from -r requirements.txt (line 14))
build	Build image	2026-09-29T13:37:58.3119179Z #13 1.079   Downloading blinker-1.9.0-py3-none-any.whl.metadata (1.6 kB)
build	Build image	2026-09-29T13:37:58.3119888Z #13 1.108 Collecting certifi==2026.7.22 (from -r requirements.txt (line 15))
build	Build image	2026-09-29T13:37:58.3120318Z #13 1.118   Downloading certifi-2026.7.22-py3-none-any.whl.metadata (2.5 kB)
build	Build image	2026-09-29T13:37:58.3120873Z #13 1.235 Collecting charset-normalizer==3.5.1 (from -r requirements.txt (line 16))
build	Build image	2026-09-29T13:37:58.4233685Z #13 1.245   Downloading charset_normalizer-3.5.1-cp311-cp311-manylinux2014_x86_64.manylinux_2_17_x86_64.manylinux_2_28_x86_64.whl.metadata (45 kB)
build	Build image	2026-09-29T13:37:58.4235379Z #13 1.254      ━━━━━━━━━━━━━━━━━━━━━━━━━━━━━━━━━━━━━━━━ 45.9/45.9 kB 5.0 MB/s eta 0:00:00
build	Build image	2026-09-29T13:37:58.4235687Z #13 1.281 Collecting click==8.5.0 (from -r requirements.txt (line 17))
build	Build image	2026-09-29T13:37:58.4235932Z #13 1.290   Downloading click-8.5.0-py3-none-any.whl.metadata (2.6 kB)
build	Build image	2026-09-29T13:37:58.4236167Z #13 1.315 Collecting Flask==3.1.3 (from -r requirements.txt (line 18))
build	Build image	2026-09-29T13:37:58.4236400Z #13 1.325   Downloading flask-3.1.3-py3-none-any.whl.metadata (3.2 kB)
build	Build image	2026-09-29T13:37:58.4236625Z #13 1.347 Collecting idna==3.20 (from -r requirements.txt (line 19))
build	Build image	2026-09-29T13:37:58.5464760Z #13 1.356   Downloading idna-3.20-py3-none-any.whl.metadata (7.2 kB)
build	Build image	2026-09-29T13:37:58.5465169Z #13 1.378 Collecting itsdangerous==2.2.0 (from -r requirements.txt (line 20))
build	Build image	2026-09-29T13:37:58.5465804Z #13 1.387   Downloading itsdangerous-2.2.0-py3-none-any.whl.metadata (1.9 kB)
build	Build image	2026-09-29T13:37:58.5466099Z #13 1.415 Collecting Jinja2==3.1.6 (from -r requirements.txt (line 21))
build	Build image	2026-09-29T13:37:58.5466364Z #13 1.425   Downloading jinja2-3.1.6-py3-none-any.whl.metadata (2.9 kB)
build	Build image	2026-09-29T13:37:58.5466613Z #13 1.470 Collecting MarkupSafe==3.0.3 (from -r requirements.txt (line 22))
build	Build image	2026-09-29T13:37:58.6663965Z #13 1.480   Downloading markupsafe-3.0.3-cp311-cp311-manylinux2014_x86_64.manylinux_2_17_x86_64.manylinux_2_28_x86_64.whl.metadata (2.7 kB)
build	Build image	2026-09-29T13:37:58.6664634Z #13 1.509 Collecting requests==2.34.2 (from -r requirements.txt (line 23))
build	Build image	2026-09-29T13:37:58.6665036Z #13 1.519   Downloading requests-2.34.2-py3-none-any.whl.metadata (4.8 kB)
build	Build image	2026-09-29T13:37:58.6665445Z #13 1.552 Collecting urllib3==2.8.0 (from -r requirements.txt (line 24))
build	Build image	2026-09-29T13:37:58.6665822Z #13 1.561   Downloading urllib3-2.8.0-py3-none-any.whl.metadata (7.4 kB)
build	Build image	2026-09-29T13:37:58.6666241Z #13 1.590 Collecting Werkzeug==3.1.9 (from -r requirements.txt (line 25))
build	Build image	2026-09-29T13:37:58.7689248Z #13 1.600   Downloading werkzeug-3.1.9-py3-none-any.whl.metadata (4.1 kB)
build	Build image	2026-09-29T13:37:58.7689757Z #13 1.670 Downloading blinker-1.9.0-py3-none-any.whl (8.5 kB)
build	Build image	2026-09-29T13:37:58.7690048Z #13 1.680 Downloading certifi-2026.7.22-py3-none-any.whl (136 kB)
build	Build image	2026-09-29T13:37:58.8769633Z #13 1.692    ━━━━━━━━━━━━━━━━━━━━━━━━━━━━━━━━━━━━━━━━ 137.0/137.0 kB 11.5 MB/s eta 0:00:00
build	Build image	2026-09-29T13:37:58.8770110Z #13 1.702 Downloading charset_normalizer-3.5.1-cp311-cp311-manylinux2014_x86_64.manylinux_2_17_x86_64.manylinux_2_28_x86_64.whl (262 kB)
build	Build image	2026-09-29T13:37:58.8770537Z #13 1.713    ━━━━━━━━━━━━━━━━━━━━━━━━━━━━━━━━━━━━━━━━ 262.3/262.3 kB 26.2 MB/s eta 0:00:00
build	Build image	2026-09-29T13:37:58.8770759Z #13 1.723 Downloading click-8.5.0-py3-none-any.whl (125 kB)
build	Build image	2026-09-29T13:37:58.8771025Z #13 1.724    ━━━━━━━━━━━━━━━━━━━━━━━━━━━━━━━━━━━━━━━ 125.3/125.3 kB 550.4 MB/s eta 0:00:00
build	Build image	2026-09-29T13:37:58.8771280Z #13 1.734 Downloading flask-3.1.3-py3-none-any.whl (103 kB)
build	Build image	2026-09-29T13:37:58.8771536Z #13 1.735    ━━━━━━━━━━━━━━━━━━━━━━━━━━━━━━━━━━━━━━━ 103.4/103.4 kB 588.7 MB/s eta 0:00:00
build	Build image	2026-09-29T13:37:58.8771746Z #13 1.745 Downloading idna-3.20-py3-none-any.whl (69 kB)
build	Build image	2026-09-29T13:37:58.8772013Z #13 1.746    ━━━━━━━━━━━━━━━━━━━━━━━━━━━━━━━━━━━━━━━━ 69.6/69.6 kB 552.0 MB/s eta 0:00:00
build	Build image	2026-09-29T13:37:58.8772237Z #13 1.756 Downloading itsdangerous-2.2.0-py3-none-any.whl (16 kB)
build	Build image	2026-09-29T13:37:58.8772447Z #13 1.767 Downloading jinja2-3.1.6-py3-none-any.whl (134 kB)
build	Build image	2026-09-29T13:37:58.8772701Z #13 1.769    ━━━━━━━━━━━━━━━━━━━━━━━━━━━━━━━━━━━━━━━ 134.9/134.9 kB 506.3 MB/s eta 0:00:00
build	Build image	2026-09-29T13:37:58.8773020Z #13 1.779 Downloading markupsafe-3.0.3-cp311-cp311-manylinux2014_x86_64.manylinux_2_17_x86_64.manylinux_2_28_x86_64.whl (22 kB)
build	Build image	2026-09-29T13:37:58.8773333Z #13 1.789 Downloading requests-2.34.2-py3-none-any.whl (73 kB)
build	Build image	2026-09-29T13:37:58.8773593Z #13 1.791    ━━━━━━━━━━━━━━━━━━━━━━━━━━━━━━━━━━━━━━━━ 73.1/73.1 kB 466.6 MB/s eta 0:00:00
build	Build image	2026-09-29T13:37:58.8773988Z #13 1.800 Downloading urllib3-2.8.0-py3-none-any.whl (135 kB)
build	Build image	2026-09-29T13:37:59.0177058Z #13 1.802    ━━━━━━━━━━━━━━━━━━━━━━━━━━━━━━━━━━━━━━━ 135.7/135.7 kB 135.0 MB/s eta 0:00:00
build	Build image	2026-09-29T13:37:59.0177983Z #13 1.812 Downloading werkzeug-3.1.9-py3-none-any.whl (228 kB)
build	Build image	2026-09-29T13:37:59.0178459Z #13 1.815    ━━━━━━━━━━━━━━━━━━━━━━━━━━━━━━━━━━━━━━━ 228.7/228.7 kB 141.3 MB/s eta 0:00:00
build	Build image	2026-09-29T13:37:59.0178843Z #13 1.822 Saved /wheels/blinker-1.9.0-py3-none-any.whl
build	Build image	2026-09-29T13:37:59.0179158Z #13 1.822 Saved /wheels/certifi-2026.7.22-py3-none-any.whl
build	Build image	2026-09-29T13:37:59.0179674Z #13 1.822 Saved /wheels/charset_normalizer-3.5.1-cp311-cp311-manylinux2014_x86_64.manylinux_2_17_x86_64.manylinux_2_28_x86_64.whl
build	Build image	2026-09-29T13:37:59.0180174Z #13 1.823 Saved /wheels/click-8.5.0-py3-none-any.whl
build	Build image	2026-09-29T13:37:59.0180466Z #13 1.823 Saved /wheels/flask-3.1.3-py3-none-any.whl
build	Build image	2026-09-29T13:37:59.0180942Z #13 1.823 Saved /wheels/idna-3.20-py3-none-any.whl
build	Build image	2026-09-29T13:37:59.0181243Z #13 1.823 Saved /wheels/itsdangerous-2.2.0-py3-none-any.whl
build	Build image	2026-09-29T13:37:59.0181548Z #13 1.824 Saved /wheels/jinja2-3.1.6-py3-none-any.whl
build	Build image	2026-09-29T13:37:59.0182026Z #13 1.824 Saved /wheels/markupsafe-3.0.3-cp311-cp311-manylinux2014_x86_64.manylinux_2_17_x86_64.manylinux_2_28_x86_64.whl
build	Build image	2026-09-29T13:37:59.0182525Z #13 1.824 Saved /wheels/requests-2.34.2-py3-none-any.whl
build	Build image	2026-09-29T13:37:59.0182822Z #13 1.824 Saved /wheels/urllib3-2.8.0-py3-none-any.whl
build	Build image	2026-09-29T13:37:59.0183113Z #13 1.825 Saved /wheels/werkzeug-3.1.9-py3-none-any.whl
build	Build image	2026-09-29T13:37:59.0183363Z #13 1.941 
build	Build image	2026-09-29T13:37:59.0183605Z #13 1.941 [notice] A new release of pip is available: 24.0 -> 26.2.1
build	Build image	2026-09-29T13:37:59.0184099Z #13 1.941 [notice] To update, run: pip install --upgrade pip
build	Build image	2026-09-29T13:37:59.2130865Z #13 DONE 2.1s
build	Build image	2026-09-29T13:37:59.3180213Z 
build	Build image	2026-09-29T13:37:59.3180831Z #14 [runtime 3/7] COPY --from=build /wheels /wheels
build	Build image	2026-09-29T13:37:59.3181204Z #14 DONE 0.0s
build	Build image	2026-09-29T13:37:59.3181293Z 
build	Build image	2026-09-29T13:37:59.3181364Z #15 [runtime 4/7] COPY requirements.txt .
build	Build image	2026-09-29T13:37:59.3181512Z #15 DONE 0.0s
build	Build image	2026-09-29T13:37:59.4694227Z 
build	Build image	2026-09-29T13:37:59.4695961Z #16 [runtime 5/7] RUN pip install --no-index --find-links=/wheels -r requirements.txt     && rm -rf /wheels     && pip uninstall -y pip setuptools wheel     && rm -rf /usr/local/lib/python3.11/site-packages/jaraco*               /usr/local/lib/python3.11/site-packages/pkg_resources               /usr/local/lib/python3.11/site-packages/_distutils_hack     && rm -f /usr/local/bin/pip /usr/local/bin/pip3 /usr/local/bin/pip3.11
build	Build image	2026-09-29T13:38:00.1714770Z #16 0.852 Looking in links: /wheels
build	Build image	2026-09-29T13:38:00.2816297Z #16 0.861 Processing /wheels/blinker-1.9.0-py3-none-any.whl (from -r requirements.txt (line 14))
build	Build image	2026-09-29T13:38:00.2816753Z #16 0.866 Processing /wheels/certifi-2026.7.22-py3-none-any.whl (from -r requirements.txt (line 15))
build	Build image	2026-09-29T13:38:00.2817268Z #16 0.870 Processing /wheels/charset_normalizer-3.5.1-cp311-cp311-manylinux2014_x86_64.manylinux_2_17_x86_64.manylinux_2_28_x86_64.whl (from -r requirements.txt (line 16))
build	Build image	2026-09-29T13:38:00.2817841Z #16 0.875 Processing /wheels/click-8.5.0-py3-none-any.whl (from -r requirements.txt (line 17))
build	Build image	2026-09-29T13:38:00.2818201Z #16 0.879 Processing /wheels/flask-3.1.3-py3-none-any.whl (from -r requirements.txt (line 18))
build	Build image	2026-09-29T13:38:00.2818531Z #16 0.883 Processing /wheels/idna-3.20-py3-none-any.whl (from -r requirements.txt (line 19))
build	Build image	2026-09-29T13:38:00.2818885Z #16 0.887 Processing /wheels/itsdangerous-2.2.0-py3-none-any.whl (from -r requirements.txt (line 20))
build	Build image	2026-09-29T13:38:00.2819219Z #16 0.891 Processing /wheels/jinja2-3.1.6-py3-none-any.whl (from -r requirements.txt (line 21))
build	Build image	2026-09-29T13:38:00.2819672Z #16 0.895 Processing /wheels/markupsafe-3.0.3-cp311-cp311-manylinux2014_x86_64.manylinux_2_17_x86_64.manylinux_2_28_x86_64.whl (from -r requirements.txt (line 22))
build	Build image	2026-09-29T13:38:00.2820097Z #16 0.898 Processing /wheels/requests-2.34.2-py3-none-any.whl (from -r requirements.txt (line 23))
build	Build image	2026-09-29T13:38:00.2820444Z #16 0.902 Processing /wheels/urllib3-2.8.0-py3-none-any.whl (from -r requirements.txt (line 24))
build	Build image	2026-09-29T13:38:00.2820762Z #16 0.906 Processing /wheels/werkzeug-3.1.9-py3-none-any.whl (from -r requirements.txt (line 25))
build	Build image	2026-09-29T13:38:00.2821510Z #16 0.962 Installing collected packages: urllib3, MarkupSafe, itsdangerous, idna, click, charset-normalizer, certifi, blinker, Werkzeug, requests, Jinja2, Flask
build	Build image	2026-09-29T13:38:00.6064219Z #16 1.287 Successfully installed Flask-3.1.3 Jinja2-3.1.6 MarkupSafe-3.0.3 Werkzeug-3.1.9 blinker-1.9.0 certifi-2026.7.22 charset-normalizer-3.5.1 click-8.5.0 idna-3.20 itsdangerous-2.2.0 requests-2.34.2 urllib3-2.8.0
build	Build image	2026-09-29T13:38:00.7568876Z #16 1.287 WARNING: Running pip as the 'root' user can result in broken permissions and conflicting behaviour with the system package manager. It is recommended to use a virtual environment instead: https://pip.pypa.io/warnings/venv
build	Build image	2026-09-29T13:38:01.3959691Z #16 2.077 Found existing installation: pip 24.0
build	Build image	2026-09-29T13:38:01.4970535Z #16 2.103 Uninstalling pip-24.0:
build	Build image	2026-09-29T13:38:01.4971331Z #16 2.109   Successfully uninstalled pip-24.0
build	Build image	2026-09-29T13:38:01.4972068Z #16 2.145 Found existing installation: setuptools 79.0.1
build	Build image	2026-09-29T13:38:01.4972549Z #16 2.167 Uninstalling setuptools-79.0.1:
build	Build image	2026-09-29T13:38:01.4972915Z #16 2.178   Successfully uninstalled setuptools-79.0.1
build	Build image	2026-09-29T13:38:01.6830713Z #16 2.210 Found existing installation: wheel 0.46.3
build	Build image	2026-09-29T13:38:01.6831108Z #16 2.212 Uninstalling wheel-0.46.3:
build	Build image	2026-09-29T13:38:01.6831368Z #16 2.215   Successfully uninstalled wheel-0.46.3
build	Build image	2026-09-29T13:38:01.6832182Z #16 2.217 WARNING: Running pip as the 'root' user can result in broken permissions and conflicting behaviour with the system package manager. It is recommended to use a virtual environment instead: https://pip.pypa.io/warnings/venv
build	Build image	2026-09-29T13:38:01.6832962Z #16 DONE 2.4s
build	Build image	2026-09-29T13:38:01.8240060Z 
build	Build image	2026-09-29T13:38:01.8242702Z #17 [runtime 6/7] COPY app.py .
build	Build image	2026-09-29T13:38:01.8243009Z #17 DONE 0.0s
build	Build image	2026-09-29T13:38:01.8243165Z 
build	Build image	2026-09-29T13:38:01.8243325Z #18 [runtime 7/7] RUN useradd --uid 10001 --create-home appuser
build	Build image	2026-09-29T13:38:01.8243539Z #18 DONE 0.1s
build	Build image	2026-09-29T13:38:01.9756364Z 
build	Build image	2026-09-29T13:38:01.9756902Z #19 exporting to image
build	Build image	2026-09-29T13:38:01.9757153Z #19 exporting layers
build	Build image	2026-09-29T13:38:02.2571598Z #19 exporting layers 0.4s done
build	Build image	2026-09-29T13:38:02.3077655Z #19 writing image sha256:9d3669c78ab4e672aea6a5205f15574850c5b978cf8fb73c27c97f2dbbf9bc41 done
build	Build image	2026-09-29T13:38:02.3079130Z #19 naming to docker.io/library/bcssl-demo-app:a54355b486c6a2101aad124476c2ef69e1c45451 done
build	Build image	2026-09-29T13:38:02.3079506Z #19 DONE 0.4s
build	Save image	﻿2026-09-29T13:38:02.3194656Z ##[group]Run docker save "${IMAGE_NAME}:a54355b486c6a2101aad124476c2ef69e1c45451" | gzip > /tmp/image.tgz
build	Save image	2026-09-29T13:38:02.3195413Z ^[[36;1mdocker save "${IMAGE_NAME}:a54355b486c6a2101aad124476c2ef69e1c45451" | gzip > /tmp/image.tgz^[[0m
build	Save image	2026-09-29T13:38:02.3249495Z shell: /usr/bin/bash -e {0}
build	Save image	2026-09-29T13:38:02.3249652Z env:
build	Save image	2026-09-29T13:38:02.3249775Z   IMAGE_NAME: bcssl-demo-app
build	Save image	2026-09-29T13:38:02.3249911Z ##[endgroup]
build	Upload image artifact	﻿2026-09-29T13:38:07.3960086Z ##[group]Run actions/upload-artifact@v4
build	Upload image artifact	2026-09-29T13:38:07.3960271Z with:
build	Upload image artifact	2026-09-29T13:38:07.3960378Z   name: image
build	Upload image artifact	2026-09-29T13:38:07.3960489Z   path: /tmp/image.tgz
build	Upload image artifact	2026-09-29T13:38:07.3960606Z   retention-days: 1
build	Upload image artifact	2026-09-29T13:38:07.3960722Z   if-no-files-found: warn
build	Upload image artifact	2026-09-29T13:38:07.3960847Z   compression-level: 6
build	Upload image artifact	2026-09-29T13:38:07.3960961Z   overwrite: false
build	Upload image artifact	2026-09-29T13:38:07.3961083Z   include-hidden-files: false
build	Upload image artifact	2026-09-29T13:38:07.3961216Z env:
build	Upload image artifact	2026-09-29T13:38:07.3961334Z   IMAGE_NAME: bcssl-demo-app
build	Upload image artifact	2026-09-29T13:38:07.3961459Z ##[endgroup]
build	Upload image artifact	2026-09-29T13:38:07.4958858Z (node:2397) [DEP0040] DeprecationWarning: The `punycode` module is deprecated. Please use a userland alternative instead.
build	Upload image artifact	2026-09-29T13:38:07.4959487Z (Use `node --trace-deprecation ...` to show where the warning was created)
build	Upload image artifact	2026-09-29T13:38:07.5018443Z With the provided path, there will be 1 file uploaded
build	Upload image artifact	2026-09-29T13:38:07.5019370Z Artifact name is valid!
build	Upload image artifact	2026-09-29T13:38:07.5019854Z Root directory input is valid!
build	Upload image artifact	2026-09-29T13:38:07.7963684Z Beginning upload of artifact content to blob storage
build	Upload image artifact	2026-09-29T13:38:07.9708026Z (node:2397) [DEP0169] DeprecationWarning: `url.parse()` behavior is not standardized and prone to errors that have security implications. Use the WHATWG URL API instead. CVEs are not issued for `url.parse()` vulnerabilities.
build	Upload image artifact	2026-09-29T13:38:08.4450026Z Uploaded bytes 8388608
build	Upload image artifact	2026-09-29T13:38:08.6724742Z Uploaded bytes 16777216
build	Upload image artifact	2026-09-29T13:38:08.7320745Z Uploaded bytes 25165824
build	Upload image artifact	2026-09-29T13:38:08.8459378Z Uploaded bytes 33554432
build	Upload image artifact	2026-09-29T13:38:09.3805674Z Uploaded bytes 41943040
build	Upload image artifact	2026-09-29T13:38:09.5608456Z Uploaded bytes 49302454
build	Upload image artifact	2026-09-29T13:38:09.6102380Z Finished uploading artifact content to blob storage!
build	Upload image artifact	2026-09-29T13:38:09.6104136Z SHA256 digest of uploaded artifact zip is fff1d0936792c85c187fc2d626de8c020cf2389c2f66f5e8fc5f401bb875353e
build	Upload image artifact	2026-09-29T13:38:09.6105968Z Finalizing artifact upload
build	Upload image artifact	2026-09-29T13:38:09.8749647Z Artifact image.zip successfully finalized. Artifact ID 11037717180
build	Upload image artifact	2026-09-29T13:38:09.8750253Z Artifact image has been successfully uploaded! Final size is 49302454 bytes. Artifact ID is 11037717180
build	Upload image artifact	2026-09-29T13:38:09.8756465Z Artifact download URL: https://github.com/venkatvellapalem/DevSecOps/actions/runs/36576497068/artifacts/11037717180
build	Post Run actions/checkout@v4	﻿2026-09-29T13:38:09.8946049Z Post job cleanup.
build	Post Run actions/checkout@v4	2026-09-29T13:38:09.9513634Z [command]/usr/bin/git version
build	Post Run actions/checkout@v4	2026-09-29T13:38:09.9545956Z git version 2.55.0
build	Post Run actions/checkout@v4	2026-09-29T13:38:09.9570932Z Temporarily overriding HOME='/home/runner/work/_temp/0791860c-2b35-42de-a9eb-23c603c22a67' before making global git config changes
build	Post Run actions/checkout@v4	2026-09-29T13:38:09.9571661Z Adding repository directory to the temporary git global config as a safe directory
build	Post Run actions/checkout@v4	2026-09-29T13:38:09.9575140Z [command]/usr/bin/git config --global --add safe.directory /home/runner/work/DevSecOps/DevSecOps
build	Post Run actions/checkout@v4	2026-09-29T13:38:09.9607529Z [command]/usr/bin/git config --local --name-only --get-regexp core\.sshCommand
build	Post Run actions/checkout@v4	2026-09-29T13:38:09.9642183Z [command]/usr/bin/git submodule foreach --recursive sh -c "git config --local --name-only --get-regexp 'core\.sshCommand' && git config --local --unset-all 'core.sshCommand' || :"
build	Post Run actions/checkout@v4	2026-09-29T13:38:09.9831047Z [command]/usr/bin/git config --local --name-only --get-regexp http\.https\:\/\/github\.com\/\.extraheader
build	Post Run actions/checkout@v4	2026-09-29T13:38:09.9859734Z http.https://github.com/.extraheader
build	Post Run actions/checkout@v4	2026-09-29T13:38:09.9867875Z [command]/usr/bin/git config --local --unset-all http.https://github.com/.extraheader
build	Post Run actions/checkout@v4	2026-09-29T13:38:09.9898435Z [command]/usr/bin/git submodule foreach --recursive sh -c "git config --local --name-only --get-regexp 'http\.https\:\/\/github\.com\/\.extraheader' && git config --local --unset-all 'http.https://github.com/.extraheader' || :"
build	Post Run actions/checkout@v4	2026-09-29T13:38:10.0083569Z [command]/usr/bin/git config --local --name-only --get-regexp ^includeIf\.gitdir:
build	Post Run actions/checkout@v4	2026-09-29T13:38:10.0112802Z [command]/usr/bin/git submodule foreach --recursive git config --local --show-origin --name-only --get-regexp remote.origin.url
build	Complete job	﻿2026-09-29T13:38:10.0418994Z Cleaning up orphan processes
build	Complete job	2026-09-29T13:38:10.0646426Z ##[warning]Node.js 20 is deprecated. The following actions target Node.js 20 but are being forced to run on Node.js 24: actions/checkout@v4, actions/upload-artifact@v4. For more information see: https://github.blog/changelog/2025-09-19-deprecation-of-node-20-on-github-actions-runners/
